Note that running a local entrypoint in detached mode only keeps the last triggered Modal function alive after the parent process has been killed or disconnected.
✓ Initialized. View run at 
https://modal.com/apps/ashernoble/main/ap-CNp0rYljMp9tiDGlUJipLL
✓ Created objects.
├── 🔨 Created mount /Users/ashernoble/Projects/Robotics & 
│   hardware/TrueSkate-AI/scripts/cloud/train_basic_linear_modal.py
├── 🔨 Created mount /Users/ashernoble/Projects/Robotics & 
│   hardware/TrueSkate-AI/scripts/train/train_basic_linear_regressor.py
├── 🔨 Created mount /Users/ashernoble/Projects/Robotics & 
│   hardware/TrueSkate-AI/src/trueskate_ai
├── 🔨 Created function train_remote.
├── 🔨 Created function train_remote_cpu.
├── 🔨 Created function evaluate_test_once.
├── 🔨 Created function evaluate_refinement.
├── 🔨 Created function evaluate_start_timing.
├── 🔨 Created function evaluate_start_timing_validation_selected.
├── 🔨 Created function audit_orange_endpoint_cue.
├── 🔨 Created function audit_endpoint_residuals.
├── 🔨 Created function evaluate_checkpoint_ensemble.
├── 🔨 Created function evaluate_bias_correction.
├── 🔨 Created function audit_clip_headroom.
├── 🔨 Created function audit_split_session_overlap.
├── 🔨 Created function audit_clip_frame_counts.
├── 🔨 Created function audit_corpus_coverage.
├── 🔨 Created function audit_trail_presence_threshold.
├── 🔨 Created function audit_liftoff_edge.
├── 🔨 Created function audit_liftoff_growth.
├── 🔨 Created function audit_duration_difference.
├── 🔨 Created function audit_trail_head.
├── 🔨 Created function audit_duration_head_attribution.
├── 🔨 Created function audit_duration_decomposition.
├── 🔨 Created function audit_learned_series_capacity.
└── 🔨 Created function autopsy_failures.
device=cuda name=NVIDIA L4
epoch=1 val_start_med=0.0128 val_end_med=0.0340 val_duration_mae=0.0954 val_recovery=24.8% secs=210.0
epoch=2 val_start_med=0.0124 val_end_med=0.0221 val_duration_mae=0.0802 val_recovery=47.9% secs=67.8
epoch=3 val_start_med=0.0140 val_end_med=0.0217 val_duration_mae=0.0581 val_recovery=61.4% secs=68.3
epoch=4 val_start_med=0.0132 val_end_med=0.0268 val_duration_mae=0.0532 val_recovery=48.8% secs=68.7
epoch=5 val_start_med=0.0150 val_end_med=0.0227 val_duration_mae=0.0478 val_recovery=56.8% secs=68.8
epoch=6 val_start_med=0.0108 val_end_med=0.0209 val_duration_mae=0.0410 val_recovery=68.3% secs=69.0
epoch=7 val_start_med=0.0142 val_end_med=0.0200 val_duration_mae=0.0660 val_recovery=55.4% secs=69.2
epoch=8 val_start_med=0.0130 val_end_med=0.0189 val_duration_mae=0.0304 val_recovery=73.6% secs=69.1
epoch=9 val_start_med=0.0115 val_end_med=0.0200 val_duration_mae=0.0280 val_recovery=73.3% secs=69.3
epoch=10 val_start_med=0.0128 val_end_med=0.0221 val_duration_mae=0.0522 val_recovery=57.8% secs=69.3
epoch=11 val_start_med=0.0099 val_end_med=0.0200 val_duration_mae=0.0365 val_recovery=68.0% secs=69.6
epoch=12 val_start_med=0.0126 val_end_med=0.0209 val_duration_mae=0.0313 val_recovery=70.0% secs=69.3
epoch=13 val_start_med=0.0118 val_end_med=0.0190 val_duration_mae=0.0298 val_recovery=75.6% secs=69.3
epoch=14 val_start_med=0.0116 val_end_med=0.0185 val_duration_mae=0.0297 val_recovery=78.2% secs=69.5
epoch=15 val_start_med=0.0094 val_end_med=0.0183 val_duration_mae=0.0268 val_recovery=79.2% secs=69.4
epoch=16 val_start_med=0.0097 val_end_med=0.0169 val_duration_mae=0.0274 val_recovery=82.2% secs=69.5
epoch=17 val_start_med=0.0098 val_end_med=0.0167 val_duration_mae=0.0292 val_recovery=80.5% secs=69.4
epoch=18 val_start_med=0.0097 val_end_med=0.0174 val_duration_mae=0.0242 val_recovery=82.5% secs=69.4
epoch=19 val_start_med=0.0113 val_end_med=0.0185 val_duration_mae=0.0295 val_recovery=79.5% secs=69.4
epoch=20 val_start_med=0.0094 val_end_med=0.0184 val_duration_mae=0.0262 val_recovery=80.2% secs=70.1
epoch=21 val_start_med=0.0111 val_end_med=0.0180 val_duration_mae=0.0259 val_recovery=80.5% secs=70.1
epoch=22 val_start_med=0.0097 val_end_med=0.0184 val_duration_mae=0.0257 val_recovery=78.5% secs=70.3
epoch=23 val_start_med=0.0111 val_end_med=0.0186 val_duration_mae=0.0337 val_recovery=72.9% secs=70.1
epoch=24 val_start_med=0.0105 val_end_med=0.0188 val_duration_mae=0.0365 val_recovery=73.9% secs=70.1
epoch=25 val_start_med=0.0122 val_end_med=0.0201 val_duration_mae=0.0268 val_recovery=65.7% secs=70.1
epoch=26 val_start_med=0.0096 val_end_med=0.0159 val_duration_mae=0.0275 val_recovery=82.5% secs=70.2
epoch=27 val_start_med=0.0096 val_end_med=0.0170 val_duration_mae=0.0258 val_recovery=78.2% secs=70.4
epoch=28 val_start_med=0.0161 val_end_med=0.0367 val_duration_mae=0.0722 val_recovery=25.1% secs=70.1
epoch=29 val_start_med=0.0123 val_end_med=0.0229 val_duration_mae=0.0323 val_recovery=60.1% secs=70.2
epoch=30 val_start_med=0.0136 val_end_med=0.0190 val_duration_mae=0.0334 val_recovery=70.6% secs=70.5
epoch=31 val_start_med=0.0121 val_end_med=0.0182 val_duration_mae=0.0294 val_recovery=74.9% secs=70.4
epoch=32 val_start_med=0.0125 val_end_med=0.0186 val_duration_mae=0.0294 val_recovery=69.3% secs=70.1
epoch=33 val_start_med=0.0103 val_end_med=0.0167 val_duration_mae=0.0261 val_recovery=80.5% secs=70.5
epoch=34 val_start_med=0.0096 val_end_med=0.0165 val_duration_mae=0.0255 val_recovery=82.8% secs=70.4
epoch=35 val_start_med=0.0111 val_end_med=0.0167 val_duration_mae=0.0257 val_recovery=79.9% secs=69.7
epoch=36 val_start_med=0.0095 val_end_med=0.0166 val_duration_mae=0.0238 val_recovery=81.8% secs=69.9
epoch=37 val_start_med=0.0092 val_end_med=0.0167 val_duration_mae=0.0236 val_recovery=83.5% secs=70.3
epoch=38 val_start_med=0.0106 val_end_med=0.0205 val_duration_mae=0.0304 val_recovery=64.4% secs=70.7
epoch=39 val_start_med=0.0096 val_end_med=0.0154 val_duration_mae=0.0227 val_recovery=82.5% secs=70.2
epoch=40 val_start_med=0.0093 val_end_med=0.0150 val_duration_mae=0.0249 val_recovery=84.5% secs=70.1
{
  "base_channels": 16,
  "best_epoch": 40,
  "cache_frames": true,
  "checkpoint": "basic_linear_eq046_base_s1.pth",
  "created_at": "2026-08-21T13:33:41+0000",
  "dataset_fingerprint": "sha256:2022:934ba0036365516cda1dbf6b60740c60f92ed0ea5eeb365ff7c697d854455f2e",
  "dataset_stats": {
    "accepted": 2022,
    "discovered": 2022
  },
  "end_onset": 0.24,
  "endpoint_map_weight": 0.0,
  "fresh_holdout_source": null,
  "fresh_stratify_by_device": false,
  "gesture_contract": "two-point, constant-velocity, finite-slope linear drag",
  "huber_delta": null,
  "image_height": 288,
  "image_width": 128,
  "irls_iterations": null,
  "knots": 2,
  "line_fit": false,
  "model_type": "basic_linear_regressor_v3_separate_endpoint_heads_tight_start_prior",
  "passes_acceptance": null,
  "run_label": "eq046_base_s1",
  "sequence_length": 32,
  "spatial_map_stride": 2,
  "split_seed": 0,
  "split_sizes": {
    "test": 303,
    "train": 1416,
    "validation": 303
  },
  "split_strategy": "command",
  "start_onset": 0.24,
  "start_sigma": 0.05,
  "target_schema": [
    "x0",
    "y0",
    "x1",
    "y1",
    "duration_s"
  ],
  "temporal_mixer": true,
  "test": null,
  "test_recovery_audit": null,
  "test_tail": null,
  "trajectory_map_weight": 0.0,
  "trajectory_track": false,
  "uses_pre_touch_difference": true,
  "validation": {
    "duration_mae": 0.024930613269113472,
    "duration_p90": 0.054385399818420437,
    "duration_recovery_accuracy": 0.9867986798679867,
    "end_coordinate_median": 0.015047729015350342,
    "end_recovery_accuracy": 0.9141914191419142,
    "endpoint_coordinate_median": 0.012272743042558432,
    "endpoint_coordinate_p90": 0.02733619138598442,
    "gesture_recovery_accuracy": 0.8448844884488449,
    "knot0_coordinate_median": 0.009344116784632206,
    "knot0_recovery_accuracy": 0.9273927392739274,
    "knot1_coordinate_median": 0.015047729015350342,
    "knot1_recovery_accuracy": 0.9141914191419142,
    "knots": 2.0,
    "recovery_duration_tolerance_s": 0.1,
    "recovery_endpoint_tolerance": 0.03,
    "samples": 303.0,
    "start_coordinate_median": 0.009344116784632206,
    "start_recovery_accuracy": 0.9273927392739274
  }
}
✓ App completed. View run at 
https://modal.com/apps/ashernoble/main/ap-CNp0rYljMp9tiDGlUJipLL
