Note that running a local entrypoint in detached mode only keeps the last triggered Modal function alive after the parent process has been killed or disconnected.
✓ Initialized. View run at 
https://modal.com/apps/ashernoble/main/ap-FsNXotL95q5GKiAcL7WsIR
✓ Created objects.
├── 🔨 Created mount /Users/ashernoble/Projects/Robotics & 
│   hardware/TrueSkate-AI/scripts/cloud/train_basic_linear_modal.py
├── 🔨 Created mount /Users/ashernoble/Projects/Robotics & 
│   hardware/TrueSkate-AI/scripts/train/train_basic_linear_regressor.py
├── 🔨 Created mount /Users/ashernoble/Projects/Robotics & 
│   hardware/TrueSkate-AI/src/trueskate_ai
├── 🔨 Created function train_remote.
├── 🔨 Created function train_remote_cpu.
├── 🔨 Created function evaluate_test_once.
├── 🔨 Created function evaluate_refinement.
├── 🔨 Created function evaluate_start_timing.
├── 🔨 Created function evaluate_start_timing_validation_selected.
├── 🔨 Created function audit_orange_endpoint_cue.
├── 🔨 Created function audit_endpoint_residuals.
├── 🔨 Created function evaluate_checkpoint_ensemble.
├── 🔨 Created function evaluate_bias_correction.
├── 🔨 Created function audit_clip_headroom.
├── 🔨 Created function audit_split_session_overlap.
├── 🔨 Created function audit_clip_frame_counts.
├── 🔨 Created function audit_corpus_coverage.
├── 🔨 Created function audit_trail_presence_threshold.
├── 🔨 Created function audit_liftoff_edge.
├── 🔨 Created function audit_liftoff_growth.
├── 🔨 Created function audit_duration_difference.
├── 🔨 Created function audit_trail_head.
├── 🔨 Created function audit_duration_head_attribution.
├── 🔨 Created function audit_duration_decomposition.
├── 🔨 Created function audit_learned_series_capacity.
└── 🔨 Created function autopsy_failures.
device=cuda name=NVIDIA L4
epoch=1 val_start_med=0.0290 val_end_med=0.0861 val_duration_mae=0.2190 val_recovery=7.3% secs=261.9
epoch=2 val_start_med=0.0344 val_end_med=0.1029 val_duration_mae=0.2190 val_recovery=3.6% secs=77.6
epoch=3 val_start_med=0.0202 val_end_med=0.0313 val_duration_mae=0.0705 val_recovery=27.7% secs=77.5
epoch=4 val_start_med=0.0130 val_end_med=0.0207 val_duration_mae=0.0496 val_recovery=61.4% secs=77.4
epoch=5 val_start_med=0.0152 val_end_med=0.0209 val_duration_mae=0.0352 val_recovery=58.7% secs=77.3
epoch=6 val_start_med=0.0164 val_end_med=0.0213 val_duration_mae=0.0337 val_recovery=56.1% secs=77.3
epoch=7 val_start_med=0.0178 val_end_med=0.0166 val_duration_mae=0.0307 val_recovery=63.7% secs=77.2
epoch=8 val_start_med=0.0110 val_end_med=0.0179 val_duration_mae=0.0342 val_recovery=68.0% secs=77.2
epoch=9 val_start_med=0.0143 val_end_med=0.0132 val_duration_mae=0.0271 val_recovery=78.2% secs=76.8
epoch=10 val_start_med=0.0109 val_end_med=0.0198 val_duration_mae=0.0249 val_recovery=69.6% secs=77.2
epoch=11 val_start_med=0.0103 val_end_med=0.0176 val_duration_mae=0.0231 val_recovery=78.5% secs=77.3
epoch=12 val_start_med=0.0125 val_end_med=0.0246 val_duration_mae=0.0213 val_recovery=62.4% secs=77.0
epoch=13 val_start_med=0.0122 val_end_med=0.0166 val_duration_mae=0.0218 val_recovery=80.2% secs=76.9
epoch=14 val_start_med=0.0128 val_end_med=0.0185 val_duration_mae=0.0243 val_recovery=70.6% secs=76.9
epoch=15 val_start_med=0.0128 val_end_med=0.0139 val_duration_mae=0.0217 val_recovery=80.2% secs=77.0
epoch=16 val_start_med=0.0110 val_end_med=0.0191 val_duration_mae=0.0200 val_recovery=75.6% secs=77.1
epoch=17 val_start_med=0.0100 val_end_med=0.0113 val_duration_mae=0.0268 val_recovery=84.2% secs=77.5
epoch=18 val_start_med=0.0113 val_end_med=0.0171 val_duration_mae=0.0196 val_recovery=79.2% secs=77.1
epoch=19 val_start_med=0.0102 val_end_med=0.0202 val_duration_mae=0.0189 val_recovery=73.9% secs=77.4
epoch=20 val_start_med=0.0103 val_end_med=0.0162 val_duration_mae=0.0196 val_recovery=81.8% secs=77.2
epoch=21 val_start_med=0.0116 val_end_med=0.0117 val_duration_mae=0.0195 val_recovery=84.8% secs=77.1
epoch=22 val_start_med=0.0098 val_end_med=0.0138 val_duration_mae=0.0187 val_recovery=86.1% secs=78.9
epoch=23 val_start_med=0.0080 val_end_med=0.0135 val_duration_mae=0.0183 val_recovery=86.8% secs=77.4
epoch=24 val_start_med=0.0129 val_end_med=0.0188 val_duration_mae=0.0178 val_recovery=78.9% secs=77.3
epoch=25 val_start_med=0.0110 val_end_med=0.0205 val_duration_mae=0.0223 val_recovery=71.6% secs=77.2
epoch=26 val_start_med=0.0107 val_end_med=0.0181 val_duration_mae=0.0198 val_recovery=79.2% secs=77.4
epoch=27 val_start_med=0.0082 val_end_med=0.0129 val_duration_mae=0.0173 val_recovery=88.8% secs=77.2
epoch=28 val_start_med=0.0091 val_end_med=0.0162 val_duration_mae=0.0190 val_recovery=82.8% secs=77.0
epoch=29 val_start_med=0.0074 val_end_med=0.0097 val_duration_mae=0.0166 val_recovery=91.7% secs=77.1
epoch=30 val_start_med=0.0099 val_end_med=0.0114 val_duration_mae=0.0170 val_recovery=90.1% secs=77.0
epoch=31 val_start_med=0.0109 val_end_med=0.0175 val_duration_mae=0.0161 val_recovery=78.9% secs=77.2
epoch=32 val_start_med=0.0092 val_end_med=0.0129 val_duration_mae=0.0181 val_recovery=86.1% secs=77.3
epoch=33 val_start_med=0.0081 val_end_med=0.0138 val_duration_mae=0.0174 val_recovery=85.8% secs=77.2
epoch=34 val_start_med=0.0093 val_end_med=0.0175 val_duration_mae=0.0192 val_recovery=76.9% secs=77.4
epoch=35 val_start_med=0.0086 val_end_med=0.0170 val_duration_mae=0.0186 val_recovery=84.5% secs=77.3
epoch=36 val_start_med=0.0096 val_end_med=0.0134 val_duration_mae=0.0179 val_recovery=85.8% secs=77.4
epoch=37 val_start_med=0.0091 val_end_med=0.0147 val_duration_mae=0.0150 val_recovery=80.9% secs=77.3
epoch=38 val_start_med=0.0119 val_end_med=0.0167 val_duration_mae=0.0160 val_recovery=84.5% secs=77.3
epoch=39 val_start_med=0.0126 val_end_med=0.0134 val_duration_mae=0.0177 val_recovery=87.5% secs=77.3
epoch=40 val_start_med=0.0129 val_end_med=0.0124 val_duration_mae=0.0173 val_recovery=84.8% secs=77.2
{
  "base_channels": 16,
  "best_epoch": 29,
  "cache_frames": true,
  "checkpoint": "basic_linear_eq046_lf002_s1.pth",
  "created_at": "2026-08-21T13:39:31+0000",
  "dataset_fingerprint": "sha256:2022:934ba0036365516cda1dbf6b60740c60f92ed0ea5eeb365ff7c697d854455f2e",
  "dataset_stats": {
    "accepted": 2022,
    "discovered": 2022
  },
  "end_onset": 0.24,
  "endpoint_map_weight": 0.0,
  "fresh_holdout_source": null,
  "fresh_stratify_by_device": false,
  "gesture_contract": "two-point, constant-velocity, finite-slope linear drag",
  "huber_delta": 0.02,
  "image_height": 288,
  "image_width": 128,
  "irls_iterations": 3,
  "knots": 2,
  "line_fit": true,
  "model_type": "basic_linear_regressor_v4_robust_constant_velocity_line_fit",
  "passes_acceptance": null,
  "run_label": "eq046_lf002_s1",
  "sequence_length": 32,
  "spatial_map_stride": 2,
  "split_seed": 0,
  "split_sizes": {
    "test": 303,
    "train": 1416,
    "validation": 303
  },
  "split_strategy": "command",
  "start_onset": 0.24,
  "start_sigma": 0.05,
  "target_schema": [
    "x0",
    "y0",
    "x1",
    "y1",
    "duration_s"
  ],
  "temporal_mixer": true,
  "test": null,
  "test_recovery_audit": null,
  "test_tail": null,
  "trajectory_map_weight": 0.02,
  "trajectory_track": true,
  "uses_pre_touch_difference": true,
  "validation": {
    "duration_mae": 0.01664849279737315,
    "duration_p90": 0.03532912135124207,
    "duration_recovery_accuracy": 0.9966996699669967,
    "end_coordinate_median": 0.009698042646050453,
    "end_recovery_accuracy": 0.9372937293729373,
    "endpoint_coordinate_median": 0.008177991956472397,
    "endpoint_coordinate_p90": 0.023783955723047256,
    "gesture_recovery_accuracy": 0.9174917491749175,
    "knot0_coordinate_median": 0.00736732454970479,
    "knot0_recovery_accuracy": 0.9603960396039604,
    "knot1_coordinate_median": 0.009698042646050453,
    "knot1_recovery_accuracy": 0.9372937293729373,
    "knots": 2.0,
    "recovery_duration_tolerance_s": 0.1,
    "recovery_endpoint_tolerance": 0.03,
    "samples": 303.0,
    "start_coordinate_median": 0.00736732454970479,
    "start_recovery_accuracy": 0.9603960396039604
  }
}
✓ App completed. View run at 
https://modal.com/apps/ashernoble/main/ap-FsNXotL95q5GKiAcL7WsIR
