Note that running a local entrypoint in detached mode only keeps the last triggered Modal function alive after the parent process has been killed or disconnected.
✓ Initialized. View run at 
https://modal.com/apps/ashernoble/main/ap-ihU1EruL6fm5f3DkVeoV2k
✓ Created objects.
├── 🔨 Created mount /Users/ashernoble/Projects/Robotics & 
│   hardware/TrueSkate-AI/scripts/cloud/train_basic_linear_modal.py
├── 🔨 Created mount /Users/ashernoble/Projects/Robotics & 
│   hardware/TrueSkate-AI/scripts/train/train_basic_linear_regressor.py
├── 🔨 Created mount /Users/ashernoble/Projects/Robotics & 
│   hardware/TrueSkate-AI/src/trueskate_ai
├── 🔨 Created function train_remote.
├── 🔨 Created function train_remote_cpu.
├── 🔨 Created function evaluate_test_once.
├── 🔨 Created function evaluate_refinement.
├── 🔨 Created function evaluate_start_timing.
├── 🔨 Created function evaluate_start_timing_validation_selected.
├── 🔨 Created function audit_orange_endpoint_cue.
├── 🔨 Created function audit_endpoint_residuals.
├── 🔨 Created function evaluate_checkpoint_ensemble.
├── 🔨 Created function evaluate_bias_correction.
├── 🔨 Created function audit_clip_headroom.
├── 🔨 Created function audit_split_session_overlap.
├── 🔨 Created function audit_clip_frame_counts.
├── 🔨 Created function audit_corpus_coverage.
├── 🔨 Created function audit_trail_presence_threshold.
├── 🔨 Created function audit_liftoff_edge.
├── 🔨 Created function audit_liftoff_growth.
├── 🔨 Created function audit_duration_difference.
├── 🔨 Created function audit_trail_head.
├── 🔨 Created function audit_duration_head_attribution.
├── 🔨 Created function audit_duration_decomposition.
├── 🔨 Created function audit_learned_series_capacity.
└── 🔨 Created function autopsy_failures.
device=cuda name=NVIDIA L4
epoch=1 val_start_med=0.0267 val_end_med=0.0865 val_duration_mae=0.2195 val_recovery=8.6% secs=231.1
epoch=2 val_start_med=0.0257 val_end_med=0.0928 val_duration_mae=0.2196 val_recovery=6.9% secs=72.1
epoch=3 val_start_med=0.0229 val_end_med=0.0849 val_duration_mae=0.2207 val_recovery=6.9% secs=72.6
epoch=4 val_start_med=0.0194 val_end_med=0.0831 val_duration_mae=0.2128 val_recovery=9.6% secs=72.6
epoch=5 val_start_med=0.0111 val_end_med=0.0206 val_duration_mae=0.0732 val_recovery=58.7% secs=72.3
epoch=6 val_start_med=0.0099 val_end_med=0.0181 val_duration_mae=0.0400 val_recovery=66.0% secs=72.9
epoch=7 val_start_med=0.0148 val_end_med=0.0165 val_duration_mae=0.0386 val_recovery=70.3% secs=72.6
epoch=8 val_start_med=0.0081 val_end_med=0.0181 val_duration_mae=0.0334 val_recovery=72.9% secs=72.6
epoch=9 val_start_med=0.0092 val_end_med=0.0167 val_duration_mae=0.0313 val_recovery=79.2% secs=72.6
epoch=10 val_start_med=0.0095 val_end_med=0.0178 val_duration_mae=0.0271 val_recovery=75.2% secs=72.7
epoch=11 val_start_med=0.0073 val_end_med=0.0127 val_duration_mae=0.0430 val_recovery=83.2% secs=72.6
epoch=12 val_start_med=0.0081 val_end_med=0.0175 val_duration_mae=0.0318 val_recovery=75.6% secs=72.7
epoch=13 val_start_med=0.0131 val_end_med=0.0125 val_duration_mae=0.0277 val_recovery=80.5% secs=72.4
epoch=14 val_start_med=0.0083 val_end_med=0.0144 val_duration_mae=0.0248 val_recovery=83.2% secs=71.8
epoch=15 val_start_med=0.0131 val_end_med=0.0132 val_duration_mae=0.0263 val_recovery=80.9% secs=72.3
epoch=16 val_start_med=0.0081 val_end_med=0.0154 val_duration_mae=0.0337 val_recovery=80.5% secs=72.6
epoch=17 val_start_med=0.0080 val_end_med=0.0152 val_duration_mae=0.0252 val_recovery=79.9% secs=72.8
epoch=18 val_start_med=0.0109 val_end_med=0.0162 val_duration_mae=0.0273 val_recovery=78.2% secs=72.9
epoch=19 val_start_med=0.0084 val_end_med=0.0166 val_duration_mae=0.0253 val_recovery=76.6% secs=72.7
epoch=20 val_start_med=0.0106 val_end_med=0.0171 val_duration_mae=0.0253 val_recovery=76.2% secs=72.6
epoch=21 val_start_med=0.0121 val_end_med=0.0169 val_duration_mae=0.0242 val_recovery=72.3% secs=72.4
epoch=22 val_start_med=0.0114 val_end_med=0.0161 val_duration_mae=0.0287 val_recovery=76.6% secs=72.0
epoch=23 val_start_med=0.0086 val_end_med=0.0124 val_duration_mae=0.0200 val_recovery=83.5% secs=72.6
epoch=24 val_start_med=0.0136 val_end_med=0.0113 val_duration_mae=0.0279 val_recovery=81.2% secs=72.3
epoch=25 val_start_med=0.0079 val_end_med=0.0151 val_duration_mae=0.0238 val_recovery=79.9% secs=73.8
epoch=26 val_start_med=0.0099 val_end_med=0.0109 val_duration_mae=0.0229 val_recovery=87.1% secs=72.2
epoch=27 val_start_med=0.0086 val_end_med=0.0174 val_duration_mae=0.0268 val_recovery=77.2% secs=74.4
epoch=28 val_start_med=0.0097 val_end_med=0.0131 val_duration_mae=0.0231 val_recovery=85.1% secs=75.9
epoch=29 val_start_med=0.0093 val_end_med=0.0151 val_duration_mae=0.0241 val_recovery=80.5% secs=73.1
epoch=30 val_start_med=0.0074 val_end_med=0.0130 val_duration_mae=0.0238 val_recovery=81.8% secs=72.6
epoch=31 val_start_med=0.0089 val_end_med=0.0133 val_duration_mae=0.0206 val_recovery=85.1% secs=73.2
epoch=32 val_start_med=0.0098 val_end_med=0.0112 val_duration_mae=0.0243 val_recovery=86.8% secs=73.0
epoch=33 val_start_med=0.0089 val_end_med=0.0124 val_duration_mae=0.0237 val_recovery=85.1% secs=74.2
epoch=34 val_start_med=0.0072 val_end_med=0.0133 val_duration_mae=0.0204 val_recovery=81.5% secs=73.8
epoch=35 val_start_med=0.0066 val_end_med=0.0103 val_duration_mae=0.0232 val_recovery=86.5% secs=74.9
epoch=36 val_start_med=0.0110 val_end_med=0.0090 val_duration_mae=0.0207 val_recovery=85.8% secs=73.9
epoch=37 val_start_med=0.0100 val_end_med=0.0194 val_duration_mae=0.0267 val_recovery=69.6% secs=72.9
epoch=38 val_start_med=0.0127 val_end_med=0.0122 val_duration_mae=0.0217 val_recovery=80.5% secs=73.4
epoch=39 val_start_med=0.0080 val_end_med=0.0145 val_duration_mae=0.0220 val_recovery=84.5% secs=77.4
epoch=40 val_start_med=0.0120 val_end_med=0.0102 val_duration_mae=0.0213 val_recovery=86.1% secs=72.8
{
  "base_channels": 16,
  "best_epoch": 26,
  "cache_frames": true,
  "checkpoint": "basic_linear_eq046_lf001_s2.pth",
  "created_at": "2026-08-21T14:31:22+0000",
  "dataset_fingerprint": "sha256:2022:934ba0036365516cda1dbf6b60740c60f92ed0ea5eeb365ff7c697d854455f2e",
  "dataset_stats": {
    "accepted": 2022,
    "discovered": 2022
  },
  "end_onset": 0.24,
  "endpoint_map_weight": 0.0,
  "fresh_holdout_source": null,
  "fresh_stratify_by_device": false,
  "gesture_contract": "two-point, constant-velocity, finite-slope linear drag",
  "huber_delta": 0.02,
  "image_height": 288,
  "image_width": 128,
  "irls_iterations": 3,
  "knots": 2,
  "line_fit": true,
  "model_type": "basic_linear_regressor_v4_robust_constant_velocity_line_fit",
  "passes_acceptance": null,
  "run_label": "eq046_lf001_s2",
  "sequence_length": 32,
  "spatial_map_stride": 2,
  "split_seed": 0,
  "split_sizes": {
    "test": 303,
    "train": 1416,
    "validation": 303
  },
  "split_strategy": "command",
  "start_onset": 0.24,
  "start_sigma": 0.05,
  "target_schema": [
    "x0",
    "y0",
    "x1",
    "y1",
    "duration_s"
  ],
  "temporal_mixer": true,
  "test": null,
  "test_recovery_audit": null,
  "test_tail": null,
  "trajectory_map_weight": 0.01,
  "trajectory_track": true,
  "uses_pre_touch_difference": true,
  "validation": {
    "duration_mae": 0.022875058867356957,
    "duration_p90": 0.04566903114318848,
    "duration_recovery_accuracy": 0.9900990099009901,
    "end_coordinate_median": 0.010853290557861328,
    "end_recovery_accuracy": 0.9174917491749175,
    "endpoint_coordinate_median": 0.010070002172142267,
    "endpoint_coordinate_p90": 0.026627342216670513,
    "gesture_recovery_accuracy": 0.8712871287128713,
    "knot0_coordinate_median": 0.009886709041893482,
    "knot0_recovery_accuracy": 0.9306930693069307,
    "knot1_coordinate_median": 0.010853290557861328,
    "knot1_recovery_accuracy": 0.9174917491749175,
    "knots": 2.0,
    "recovery_duration_tolerance_s": 0.1,
    "recovery_endpoint_tolerance": 0.03,
    "samples": 303.0,
    "start_coordinate_median": 0.009886709041893482,
    "start_recovery_accuracy": 0.9306930693069307
  }
}
✓ App completed. View run at 
https://modal.com/apps/ashernoble/main/ap-ihU1EruL6fm5f3DkVeoV2k
