Note that running a local entrypoint in detached mode only keeps the last triggered Modal function alive after the parent process has been killed or disconnected.
✓ Initialized. View run at 
https://modal.com/apps/ashernoble/main/ap-zupEgXLd7sxTvTg5aKrglB
✓ Created objects.
├── 🔨 Created mount /Users/ashernoble/Projects/Robotics & 
│   hardware/TrueSkate-AI/scripts/cloud/train_basic_linear_modal.py
├── 🔨 Created mount /Users/ashernoble/Projects/Robotics & 
│   hardware/TrueSkate-AI/scripts/train/train_basic_linear_regressor.py
├── 🔨 Created mount /Users/ashernoble/Projects/Robotics & 
│   hardware/TrueSkate-AI/src/trueskate_ai
├── 🔨 Created function train_remote.
├── 🔨 Created function train_remote_cpu.
├── 🔨 Created function evaluate_test_once.
├── 🔨 Created function evaluate_refinement.
├── 🔨 Created function evaluate_start_timing.
├── 🔨 Created function evaluate_start_timing_validation_selected.
├── 🔨 Created function audit_orange_endpoint_cue.
├── 🔨 Created function audit_endpoint_residuals.
├── 🔨 Created function evaluate_checkpoint_ensemble.
├── 🔨 Created function evaluate_bias_correction.
├── 🔨 Created function audit_clip_headroom.
├── 🔨 Created function audit_split_session_overlap.
├── 🔨 Created function audit_clip_frame_counts.
├── 🔨 Created function audit_corpus_coverage.
├── 🔨 Created function audit_trail_presence_threshold.
├── 🔨 Created function audit_liftoff_edge.
├── 🔨 Created function audit_liftoff_growth.
├── 🔨 Created function audit_duration_difference.
├── 🔨 Created function audit_trail_head.
├── 🔨 Created function audit_duration_head_attribution.
├── 🔨 Created function audit_duration_decomposition.
├── 🔨 Created function audit_learned_series_capacity.
└── 🔨 Created function autopsy_failures.
device=cuda name=NVIDIA L4
epoch=1 val_start_med=0.0182 val_end_med=0.0254 val_duration_mae=0.0907 val_recovery=37.0% secs=273.4
epoch=2 val_start_med=0.0193 val_end_med=0.0169 val_duration_mae=0.0507 val_recovery=55.1% secs=73.0
epoch=3 val_start_med=0.0115 val_end_med=0.0136 val_duration_mae=0.0403 val_recovery=76.9% secs=73.4
epoch=4 val_start_med=0.0167 val_end_med=0.0117 val_duration_mae=0.0397 val_recovery=72.6% secs=73.3
epoch=5 val_start_med=0.0112 val_end_med=0.0245 val_duration_mae=0.0365 val_recovery=60.4% secs=73.6
epoch=6 val_start_med=0.0094 val_end_med=0.0160 val_duration_mae=0.0288 val_recovery=73.6% secs=73.8
epoch=7 val_start_med=0.0111 val_end_med=0.0147 val_duration_mae=0.0357 val_recovery=75.2% secs=73.5
epoch=8 val_start_med=0.0120 val_end_med=0.0122 val_duration_mae=0.0320 val_recovery=77.9% secs=73.4
epoch=9 val_start_med=0.0107 val_end_med=0.0150 val_duration_mae=0.0277 val_recovery=75.6% secs=73.3
epoch=10 val_start_med=0.0112 val_end_med=0.0190 val_duration_mae=0.0303 val_recovery=68.3% secs=73.4
epoch=11 val_start_med=0.0100 val_end_med=0.0178 val_duration_mae=0.0230 val_recovery=77.2% secs=73.1
epoch=12 val_start_med=0.0087 val_end_med=0.0269 val_duration_mae=0.0246 val_recovery=54.8% secs=72.9
epoch=13 val_start_med=0.0088 val_end_med=0.0149 val_duration_mae=0.0277 val_recovery=76.2% secs=73.3
epoch=14 val_start_med=0.0087 val_end_med=0.0174 val_duration_mae=0.0224 val_recovery=76.6% secs=73.3
epoch=15 val_start_med=0.0089 val_end_med=0.0131 val_duration_mae=0.0224 val_recovery=84.5% secs=73.3
epoch=16 val_start_med=0.0098 val_end_med=0.0151 val_duration_mae=0.0263 val_recovery=81.2% secs=73.9
epoch=17 val_start_med=0.0135 val_end_med=0.0150 val_duration_mae=0.0216 val_recovery=80.2% secs=73.0
epoch=18 val_start_med=0.0095 val_end_med=0.0154 val_duration_mae=0.0220 val_recovery=80.9% secs=73.9
epoch=19 val_start_med=0.0105 val_end_med=0.0178 val_duration_mae=0.0218 val_recovery=77.9% secs=74.1
epoch=20 val_start_med=0.0116 val_end_med=0.0136 val_duration_mae=0.0193 val_recovery=84.8% secs=73.6
epoch=21 val_start_med=0.0105 val_end_med=0.0155 val_duration_mae=0.0198 val_recovery=77.9% secs=73.6
epoch=22 val_start_med=0.0086 val_end_med=0.0154 val_duration_mae=0.0203 val_recovery=86.8% secs=73.2
epoch=23 val_start_med=0.0084 val_end_med=0.0095 val_duration_mae=0.0221 val_recovery=89.1% secs=73.6
epoch=24 val_start_med=0.0105 val_end_med=0.0123 val_duration_mae=0.0232 val_recovery=88.4% secs=72.9
epoch=25 val_start_med=0.0064 val_end_med=0.0139 val_duration_mae=0.0205 val_recovery=85.1% secs=73.6
epoch=26 val_start_med=0.0082 val_end_med=0.0119 val_duration_mae=0.0204 val_recovery=87.1% secs=73.9
epoch=27 val_start_med=0.0087 val_end_med=0.0127 val_duration_mae=0.0200 val_recovery=85.1% secs=74.8
epoch=28 val_start_med=0.0081 val_end_med=0.0122 val_duration_mae=0.0187 val_recovery=87.1% secs=73.2
epoch=29 val_start_med=0.0078 val_end_med=0.0120 val_duration_mae=0.0204 val_recovery=85.8% secs=73.6
epoch=30 val_start_med=0.0073 val_end_med=0.0114 val_duration_mae=0.0189 val_recovery=90.4% secs=73.7
epoch=31 val_start_med=0.0078 val_end_med=0.0128 val_duration_mae=0.0214 val_recovery=86.5% secs=73.4
epoch=32 val_start_med=0.0097 val_end_med=0.0162 val_duration_mae=0.0190 val_recovery=82.8% secs=73.3
epoch=33 val_start_med=0.0095 val_end_med=0.0133 val_duration_mae=0.0189 val_recovery=86.5% secs=73.3
epoch=34 val_start_med=0.0073 val_end_med=0.0124 val_duration_mae=0.0184 val_recovery=84.8% secs=73.3
epoch=35 val_start_med=0.0067 val_end_med=0.0128 val_duration_mae=0.0175 val_recovery=86.5% secs=73.6
epoch=36 val_start_med=0.0099 val_end_med=0.0162 val_duration_mae=0.0189 val_recovery=84.8% secs=73.1
epoch=37 val_start_med=0.0082 val_end_med=0.0104 val_duration_mae=0.0185 val_recovery=89.4% secs=73.3
epoch=38 val_start_med=0.0113 val_end_med=0.0176 val_duration_mae=0.0249 val_recovery=77.6% secs=75.2
epoch=39 val_start_med=0.0092 val_end_med=0.0137 val_duration_mae=0.0304 val_recovery=76.6% secs=73.7
epoch=40 val_start_med=0.0128 val_end_med=0.0132 val_duration_mae=0.0191 val_recovery=82.8% secs=73.6
{
  "base_channels": 16,
  "best_epoch": 30,
  "cache_frames": true,
  "checkpoint": "basic_linear_eq046_lf002_s3.pth",
  "created_at": "2026-08-21T15:25:02+0000",
  "dataset_fingerprint": "sha256:2022:934ba0036365516cda1dbf6b60740c60f92ed0ea5eeb365ff7c697d854455f2e",
  "dataset_stats": {
    "accepted": 2022,
    "discovered": 2022
  },
  "end_onset": 0.24,
  "endpoint_map_weight": 0.0,
  "fresh_holdout_source": null,
  "fresh_stratify_by_device": false,
  "gesture_contract": "two-point, constant-velocity, finite-slope linear drag",
  "huber_delta": 0.02,
  "image_height": 288,
  "image_width": 128,
  "irls_iterations": 3,
  "knots": 2,
  "line_fit": true,
  "model_type": "basic_linear_regressor_v4_robust_constant_velocity_line_fit",
  "passes_acceptance": null,
  "run_label": "eq046_lf002_s3",
  "sequence_length": 32,
  "spatial_map_stride": 2,
  "split_seed": 0,
  "split_sizes": {
    "test": 303,
    "train": 1416,
    "validation": 303
  },
  "split_strategy": "command",
  "start_onset": 0.24,
  "start_sigma": 0.05,
  "target_schema": [
    "x0",
    "y0",
    "x1",
    "y1",
    "duration_s"
  ],
  "temporal_mixer": true,
  "test": null,
  "test_recovery_audit": null,
  "test_tail": null,
  "trajectory_map_weight": 0.02,
  "trajectory_track": true,
  "uses_pre_touch_difference": true,
  "validation": {
    "duration_mae": 0.0189196251013098,
    "duration_p90": 0.03686619997024537,
    "duration_recovery_accuracy": 0.9966996699669967,
    "end_coordinate_median": 0.011360292322933674,
    "end_recovery_accuracy": 0.9405940594059405,
    "endpoint_coordinate_median": 0.009006073698401451,
    "endpoint_coordinate_p90": 0.023622702807188034,
    "gesture_recovery_accuracy": 0.9042904290429042,
    "knot0_coordinate_median": 0.00732318265363574,
    "knot0_recovery_accuracy": 0.9405940594059405,
    "knot1_coordinate_median": 0.011360292322933674,
    "knot1_recovery_accuracy": 0.9405940594059405,
    "knots": 2.0,
    "recovery_duration_tolerance_s": 0.1,
    "recovery_endpoint_tolerance": 0.03,
    "samples": 303.0,
    "start_coordinate_median": 0.00732318265363574,
    "start_recovery_accuracy": 0.9405940594059405
  }
}
✓ App completed. View run at 
https://modal.com/apps/ashernoble/main/ap-zupEgXLd7sxTvTg5aKrglB
