Note that running a local entrypoint in detached mode only keeps the last triggered Modal function alive after the parent process has been killed or disconnected.
✓ Initialized. View run at 
https://modal.com/apps/ashernoble/main/ap-OKA2808kk5yurf2KSdFxq8
✓ Created objects.
├── 🔨 Created mount /Users/ashernoble/Projects/Robotics & 
│   hardware/TrueSkate-AI/scripts/cloud/train_basic_linear_modal.py
├── 🔨 Created mount /Users/ashernoble/Projects/Robotics & 
│   hardware/TrueSkate-AI/scripts/train/train_basic_linear_regressor.py
├── 🔨 Created mount /Users/ashernoble/Projects/Robotics & 
│   hardware/TrueSkate-AI/src/trueskate_ai
├── 🔨 Created function train_remote.
├── 🔨 Created function train_remote_cpu.
├── 🔨 Created function evaluate_test_once.
├── 🔨 Created function evaluate_refinement.
├── 🔨 Created function evaluate_start_timing.
├── 🔨 Created function evaluate_start_timing_validation_selected.
├── 🔨 Created function audit_orange_endpoint_cue.
├── 🔨 Created function audit_endpoint_residuals.
├── 🔨 Created function evaluate_checkpoint_ensemble.
├── 🔨 Created function evaluate_bias_correction.
├── 🔨 Created function audit_clip_headroom.
├── 🔨 Created function audit_split_session_overlap.
├── 🔨 Created function audit_clip_frame_counts.
├── 🔨 Created function audit_corpus_coverage.
├── 🔨 Created function audit_trail_presence_threshold.
├── 🔨 Created function audit_liftoff_edge.
├── 🔨 Created function audit_liftoff_growth.
├── 🔨 Created function audit_trail_head.
├── 🔨 Created function audit_duration_head_attribution.
├── 🔨 Created function audit_duration_decomposition.
├── 🔨 Created function audit_learned_series_capacity.
├── 🔨 Created function autopsy_failures.
└── 🔨 Created function audit_duration_difference.
device=cuda name=NVIDIA L4
epoch=1 val_start_med=0.0423 val_end_med=0.0785 val_duration_mae=0.2198 val_recovery=6.6% secs=302.0
epoch=2 val_start_med=0.0140 val_end_med=0.0155 val_duration_mae=0.0731 val_recovery=52.5% secs=72.4
epoch=3 val_start_med=0.0186 val_end_med=0.0209 val_duration_mae=0.0487 val_recovery=54.8% secs=72.8
epoch=4 val_start_med=0.0104 val_end_med=0.0164 val_duration_mae=0.0479 val_recovery=69.3% secs=73.0
epoch=5 val_start_med=0.0084 val_end_med=0.0198 val_duration_mae=0.0340 val_recovery=70.0% secs=75.1
epoch=6 val_start_med=0.0131 val_end_med=0.0187 val_duration_mae=0.0269 val_recovery=69.6% secs=77.4
epoch=7 val_start_med=0.0077 val_end_med=0.0130 val_duration_mae=0.0571 val_recovery=75.2% secs=74.1
epoch=8 val_start_med=0.0090 val_end_med=0.0179 val_duration_mae=0.0291 val_recovery=74.9% secs=73.8
epoch=9 val_start_med=0.0086 val_end_med=0.0128 val_duration_mae=0.0317 val_recovery=82.2% secs=73.6
epoch=10 val_start_med=0.0086 val_end_med=0.0162 val_duration_mae=0.0351 val_recovery=75.6% secs=73.3
epoch=11 val_start_med=0.0102 val_end_med=0.0133 val_duration_mae=0.0248 val_recovery=83.8% secs=73.1
epoch=12 val_start_med=0.0078 val_end_med=0.0102 val_duration_mae=0.0389 val_recovery=84.2% secs=73.3
epoch=13 val_start_med=0.0109 val_end_med=0.0113 val_duration_mae=0.0265 val_recovery=83.2% secs=73.1
epoch=14 val_start_med=0.0181 val_end_med=0.0116 val_duration_mae=0.0232 val_recovery=68.3% secs=73.5
epoch=15 val_start_med=0.0134 val_end_med=0.0123 val_duration_mae=0.0222 val_recovery=82.8% secs=73.1
epoch=16 val_start_med=0.0091 val_end_med=0.0142 val_duration_mae=0.0261 val_recovery=82.2% secs=72.7
epoch=17 val_start_med=0.0077 val_end_med=0.0131 val_duration_mae=0.0232 val_recovery=88.1% secs=73.2
epoch=18 val_start_med=0.0101 val_end_med=0.0201 val_duration_mae=0.0245 val_recovery=71.9% secs=73.4
epoch=19 val_start_med=0.0106 val_end_med=0.0112 val_duration_mae=0.0215 val_recovery=86.8% secs=73.1
epoch=20 val_start_med=0.0107 val_end_med=0.0128 val_duration_mae=0.0227 val_recovery=86.8% secs=73.2
epoch=21 val_start_med=0.0087 val_end_med=0.0091 val_duration_mae=0.0214 val_recovery=90.4% secs=73.1
epoch=22 val_start_med=0.0111 val_end_med=0.0184 val_duration_mae=0.0248 val_recovery=75.9% secs=73.3
epoch=23 val_start_med=0.0100 val_end_med=0.0125 val_duration_mae=0.0214 val_recovery=84.2% secs=73.1
epoch=24 val_start_med=0.0118 val_end_med=0.0203 val_duration_mae=0.0256 val_recovery=76.2% secs=73.3
epoch=25 val_start_med=0.0091 val_end_med=0.0172 val_duration_mae=0.0228 val_recovery=78.5% secs=73.0
epoch=26 val_start_med=0.0124 val_end_med=0.0119 val_duration_mae=0.0217 val_recovery=78.9% secs=73.4
epoch=27 val_start_med=0.0130 val_end_med=0.0123 val_duration_mae=0.0253 val_recovery=80.2% secs=73.1
epoch=28 val_start_med=0.0081 val_end_med=0.0126 val_duration_mae=0.0203 val_recovery=84.2% secs=73.2
epoch=29 val_start_med=0.0086 val_end_med=0.0093 val_duration_mae=0.0199 val_recovery=87.8% secs=73.4
epoch=30 val_start_med=0.0086 val_end_med=0.0131 val_duration_mae=0.0218 val_recovery=85.5% secs=72.8
epoch=31 val_start_med=0.0084 val_end_med=0.0118 val_duration_mae=0.0200 val_recovery=87.8% secs=73.5
epoch=32 val_start_med=0.0092 val_end_med=0.0187 val_duration_mae=0.0188 val_recovery=71.6% secs=73.1
epoch=33 val_start_med=0.0101 val_end_med=0.0111 val_duration_mae=0.0208 val_recovery=84.2% secs=73.9
epoch=34 val_start_med=0.0060 val_end_med=0.0093 val_duration_mae=0.0207 val_recovery=88.4% secs=73.3
epoch=35 val_start_med=0.0108 val_end_med=0.0119 val_duration_mae=0.0244 val_recovery=84.5% secs=73.1
epoch=36 val_start_med=0.0078 val_end_med=0.0140 val_duration_mae=0.0192 val_recovery=88.4% secs=73.7
epoch=37 val_start_med=0.0072 val_end_med=0.0130 val_duration_mae=0.0187 val_recovery=85.1% secs=72.9
epoch=38 val_start_med=0.0085 val_end_med=0.0138 val_duration_mae=0.0220 val_recovery=83.8% secs=73.4
epoch=39 val_start_med=0.0085 val_end_med=0.0174 val_duration_mae=0.0204 val_recovery=78.2% secs=73.3
epoch=40 val_start_med=0.0074 val_end_med=0.0157 val_duration_mae=0.0196 val_recovery=81.2% secs=73.2
{
  "base_channels": 16,
  "best_epoch": 21,
  "cache_frames": true,
  "checkpoint": "basic_linear_eq046_lf001_s3.pth",
  "created_at": "2026-08-21T15:25:34+0000",
  "dataset_fingerprint": "sha256:2022:934ba0036365516cda1dbf6b60740c60f92ed0ea5eeb365ff7c697d854455f2e",
  "dataset_stats": {
    "accepted": 2022,
    "discovered": 2022
  },
  "end_onset": 0.24,
  "endpoint_map_weight": 0.0,
  "fresh_holdout_source": null,
  "fresh_stratify_by_device": false,
  "gesture_contract": "two-point, constant-velocity, finite-slope linear drag",
  "huber_delta": 0.02,
  "image_height": 288,
  "image_width": 128,
  "irls_iterations": 3,
  "knots": 2,
  "line_fit": true,
  "model_type": "basic_linear_regressor_v4_robust_constant_velocity_line_fit",
  "passes_acceptance": null,
  "run_label": "eq046_lf001_s3",
  "sequence_length": 32,
  "spatial_map_stride": 2,
  "split_seed": 0,
  "split_sizes": {
    "test": 303,
    "train": 1416,
    "validation": 303
  },
  "split_strategy": "command",
  "start_onset": 0.24,
  "start_sigma": 0.05,
  "target_schema": [
    "x0",
    "y0",
    "x1",
    "y1",
    "duration_s"
  ],
  "temporal_mixer": true,
  "test": null,
  "test_recovery_audit": null,
  "test_tail": null,
  "trajectory_map_weight": 0.01,
  "trajectory_track": true,
  "uses_pre_touch_difference": true,
  "validation": {
    "duration_mae": 0.021400901547359553,
    "duration_p90": 0.043138790130615244,
    "duration_recovery_accuracy": 0.9933993399339934,
    "end_coordinate_median": 0.00913946982473135,
    "end_recovery_accuracy": 0.933993399339934,
    "endpoint_coordinate_median": 0.00884064007550478,
    "endpoint_coordinate_p90": 0.023366713896393776,
    "gesture_recovery_accuracy": 0.9042904290429042,
    "knot0_coordinate_median": 0.008650179021060467,
    "knot0_recovery_accuracy": 0.9537953795379538,
    "knot1_coordinate_median": 0.00913946982473135,
    "knot1_recovery_accuracy": 0.933993399339934,
    "knots": 2.0,
    "recovery_duration_tolerance_s": 0.1,
    "recovery_endpoint_tolerance": 0.03,
    "samples": 303.0,
    "start_coordinate_median": 0.008650179021060467,
    "start_recovery_accuracy": 0.9537953795379538
  }
}
✓ App completed. View run at 
https://modal.com/apps/ashernoble/main/ap-OKA2808kk5yurf2KSdFxq8
